// Jest Snapshot v1, https://goo.gl/fbAQLP

exports[`exports correct object 1`] = `
Object {
  "bio": Object {
    "birthplace": "Tripoli, Lybia",
    "real_name": "Aria de Luca",
  },
  "id": "alibi",
  "meta": Object {
    "country": "it",
    "height": 171,
    "season": "Y3S2",
    "sex": "f",
    "weight": 63,
  },
  "name": "Alibi",
  "ratings": Object {
    "armor": 1,
    "difficulty": 3,
    "speed": 3,
  },
  "role": "Defender",
  "svg": Object {
    "attributes": Object {
      "class": "r6operators r6operators-alibi",
      "viewBox": "0 0 350 350",
      "xmlns": "http://www.w3.org/2000/svg",
    },
    "contents": Any<String>,
  },
  "toSVG": [Function],
  "unit": "GIS",
}
`;
