// Jest Snapshot v1, https://goo.gl/fbAQLP

exports[`constructs icon object correctly 1`] = `
Object {
  "bio": Object {
    "birthplace": "Nagoya, Japan",
    "real_name": "Yumiko Imagawa",
  },
  "id": "hibana",
  "meta": Object {
    "country": "jp",
    "height": 173,
    "season": "Y1S4",
    "sex": "f",
    "weight": 57,
  },
  "name": "Hibana",
  "ratings": Object {
    "armor": 1,
    "difficulty": 1,
    "speed": 3,
  },
  "role": "Attacker",
  "svg": Object {
    "attributes": Object {
      "class": "r6operators r6operators-hibana",
      "space": "preserve",
      "style": "enable-background:new 0 0 350 350",
      "viewBox": "0 0 350 350",
      "xmlns": "http://www.w3.org/2000/svg",
    },
    "contents": Any<String>,
  },
  "toSVG": [Function],
  "unit": "SAT",
}
`;

exports[`toString() returns correct string 1`] = `"Hibana"`;
